// Jest Snapshot v1, https://goo.gl/fbAQLP

exports[`matches snapshot 1`] = `
<DocumentFragment>
  <div>
    <div
      class="Box"
      style="height: 100px; width: 100px; background-color: navy;"
    />
    <button>
      Remove Box
    </button>
  </div>
</DocumentFragment>
`;
